[01-May-2026 00:30:14 Europe/Berlin] Generated route key: GET /api/health
[01-May-2026 00:30:14 Europe/Berlin] Requested route key: GET /api/health
[01-May-2026 00:34:49 Europe/Berlin] Generated route key: GET /backend/public/router.php
[01-May-2026 00:34:49 Europe/Berlin] Requested route key: GET /backend/public/router.php
[01-May-2026 00:35:01 Europe/Berlin] Generated route key: GET /backend/public/router.php/api/health
[01-May-2026 00:35:01 Europe/Berlin] Requested route key: GET /backend/public/router.php/api/health
[01-May-2026 00:35:25 Europe/Berlin] Generated route key: GET /backend/public/index.php
[01-May-2026 00:35:26 Europe/Berlin] Requested route key: GET /backend/public/index.php
[01-May-2026 00:35:32 Europe/Berlin] Generated route key: GET /backend/public/index.php/api/health
[01-May-2026 00:35:32 Europe/Berlin] Requested route key: GET /backend/public/index.php/api/health
[01-May-2026 00:35:36 Europe/Berlin] Generated route key: GET /backend/public/index.php/api/health
[01-May-2026 00:35:36 Europe/Berlin] Requested route key: GET /backend/public/index.php/api/health
[01-May-2026 00:36:22 Europe/Berlin] Generated route key: GET /api/health
[01-May-2026 00:36:22 Europe/Berlin] Requested route key: GET /api/health
[01-May-2026 00:36:22 Europe/Berlin] Generated route key: GET /favicon.ico
[01-May-2026 00:36:22 Europe/Berlin] Requested route key: GET /favicon.ico
[01-May-2026 00:41:29 Europe/Berlin] Generated route key: GET /api/health
[01-May-2026 00:41:29 Europe/Berlin] Requested route key: GET /api/health
[01-May-2026 00:41:29 Europe/Berlin] Generated route key: GET /missing
[01-May-2026 00:41:29 Europe/Berlin] Requested route key: GET /missing
[01-May-2026 00:41:29 Europe/Berlin] Generated route key: POST /api/validate-demo
[01-May-2026 00:41:29 Europe/Berlin] Requested route key: POST /api/validate-demo
[01-May-2026 00:41:30 Europe/Berlin] Generated route key: POST /api/validate-demo
[01-May-2026 00:41:30 Europe/Berlin] Requested route key: POST /api/validate-demo
[01-May-2026 00:41:30 Europe/Berlin] Generated route key: POST /api/validate-demo
[01-May-2026 00:41:30 Europe/Berlin] Requested route key: POST /api/validate-demo
[02-May-2026 12:11:23 Europe/Berlin] Requested route key: GET /api/health
[02-May-2026 12:11:23 Europe/Berlin] Requested route key: GET /missing
[02-May-2026 12:11:23 Europe/Berlin] Requested route key: POST /api/validate-demo
[02-May-2026 12:11:23 Europe/Berlin] Requested route key: POST /api/validate-demo
[02-May-2026 12:11:23 Europe/Berlin] Requested route key: POST /api/validate-demo
[06-May-2026 20:52:32 Europe/Berlin] Requested route key: GET /
[06-May-2026 20:52:40 Europe/Berlin] Requested route key: GET /api/health
[06-May-2026 20:52:40 Europe/Berlin] PHP Warning:  parse_ini_file(config/mySetting.ini): Failed to open stream: No such file or directory in C:\xampp\htdocs\Market_Place_Web_Dev_Project\backend\app\repositories\DatabaseConnector.php on line 10
[06-May-2026 20:52:40 Europe/Berlin] unable to open the file
[06-May-2026 20:52:40 Europe/Berlin] Database connection failed
[06-May-2026 20:52:55 Europe/Berlin] Requested route key: GET /api/health
[06-May-2026 20:52:55 Europe/Berlin] PHP Warning:  syntax error, unexpected '=' in C:\xampp\htdocs\Market_Place_Web_Dev_Project\backend\app\repositories/../../config/mySetting.ini on line 6
 in C:\xampp\htdocs\Market_Place_Web_Dev_Project\backend\app\repositories\DatabaseConnector.php on line 10
[06-May-2026 20:52:55 Europe/Berlin] unable to open the file
[06-May-2026 20:52:55 Europe/Berlin] Database connection failed
[06-May-2026 20:53:08 Europe/Berlin] Requested route key: GET /api/health
[06-May-2026 20:53:08 Europe/Berlin] Unknown named parameter $PDO
[06-May-2026 20:53:29 Europe/Berlin] Requested route key: GET /api/health
[06-May-2026 20:53:47 Europe/Berlin] Requested route key: GET /api/health
[06-May-2026 20:58:03 Europe/Berlin] Requested route key: OPTIONS /auth/login
[06-May-2026 20:58:43 Europe/Berlin] Requested route key: POST /auth/login

[07-May-2026 15:34:33 Europe/Berlin] Requested route key: GET /backend/public/index.php
[07-May-2026 15:34:33 Europe/Berlin] Requested route key: GET /backend/public/index.php
[07-May-2026 15:34:47 Europe/Berlin] Requested route key: GET /backend/public/index.php/api/health
[07-May-2026 15:34:47 Europe/Berlin] Requested route key: GET /backend/public/index.php/api/health
[07-May-2026 15:43:35 Europe/Berlin] Requested route key: GET /backend/public/index.php/api/health
[07-May-2026 15:43:35 Europe/Berlin] Requested route key: GET /backend/public/index.php/api/health
[07-May-2026 15:45:09 Europe/Berlin] Requested route key: GET /backend/public/index.php/api
[07-May-2026 15:45:09 Europe/Berlin] Requested route key: GET /backend/public/index.php/api
[07-May-2026 15:45:21 Europe/Berlin] Requested route key: GET /api/health
[07-May-2026 15:45:21 Europe/Berlin] Requested route key: GET /api/health
[07-May-2026 15:49:54 Europe/Berlin] Requested route key: GET /api/health
[07-May-2026 15:49:54 Europe/Berlin] Requested route key: GET /api/health
[07-May-2026 15:50:20 Europe/Berlin] Requested route key: GET /api/health
[07-May-2026 15:50:20 Europe/Berlin] Requested route key: GET /api/health
[07-May-2026 15:50:28 Europe/Berlin] Requested route key: GET /api/health
[07-May-2026 15:50:28 Europe/Berlin] Requested route key: GET /api/health
[07-May-2026 15:50:29 Europe/Berlin] Requested route key: GET /api/health
[07-May-2026 15:50:29 Europe/Berlin] Requested route key: GET /api/health
[07-May-2026 15:50:30 Europe/Berlin] Requested route key: GET /api/health
[07-May-2026 15:50:30 Europe/Berlin] Requested route key: GET /api/health
[07-May-2026 15:50:35 Europe/Berlin] Requested route key: GET /api/health
[07-May-2026 15:50:35 Europe/Berlin] Requested route key: GET /api/health
[07-May-2026 15:50:53 Europe/Berlin] Requested route key: GET /api/health
[07-May-2026 15:50:53 Europe/Berlin] Requested route key: GET /api/health
[07-May-2026 15:51:18 Europe/Berlin] Requested route key: GET /api/health
[07-May-2026 15:51:18 Europe/Berlin] Requested route key: GET /api/health
[07-May-2026 15:52:29 Europe/Berlin] Requested route key: GET /
[07-May-2026 15:52:29 Europe/Berlin] Requested route key: GET /
[07-May-2026 15:52:33 Europe/Berlin] Requested route key: GET /api/health
[07-May-2026 15:52:33 Europe/Berlin] Requested route key: GET /api/health
[07-May-2026 15:52:44 Europe/Berlin] Requested route key: GET /api/health
[07-May-2026 15:52:44 Europe/Berlin] Requested route key: GET /api/health
[07-May-2026 15:52:52 Europe/Berlin] Requested route key: GET /api/health
[07-May-2026 15:52:52 Europe/Berlin] Requested route key: GET /api/health
[07-May-2026 15:53:01 Europe/Berlin] Requested route key: GET /api/health
[07-May-2026 15:53:01 Europe/Berlin] Requested route key: GET /api/health
[07-May-2026 15:53:57 Europe/Berlin] Requested route key: GET /api/health
[07-May-2026 15:53:57 Europe/Berlin] Requested route key: GET /api/health
[07-May-2026 15:54:34 Europe/Berlin] Requested route key: POST /api/health
[07-May-2026 15:54:34 Europe/Berlin] Requested route key: POST /api/health
[07-May-2026 15:54:45 Europe/Berlin] Requested route key: GET /api/health
[07-May-2026 15:54:45 Europe/Berlin] Requested route key: GET /api/health
[07-May-2026 15:54:52 Europe/Berlin] Requested route key: GET /api/health
[07-May-2026 15:54:52 Europe/Berlin] Requested route key: GET /api/health
[07-May-2026 15:56:21 Europe/Berlin] Requested route key: GET /api/health
[07-May-2026 15:56:21 Europe/Berlin] Requested route key: GET /api/health
[07-May-2026 16:02:27 Europe/Berlin] Requested route key: GET /backend/public/index.php/api
[07-May-2026 16:02:27 Europe/Berlin] Requested route key: GET /backend/public/index.php/api
[07-May-2026 16:02:37 Europe/Berlin] Requested route key: GET /
[07-May-2026 16:02:37 Europe/Berlin] Requested route key: GET /
[07-May-2026 16:02:44 Europe/Berlin] Requested route key: GET /api/health
[07-May-2026 16:02:44 Europe/Berlin] Requested route key: GET /api/health
[07-May-2026 16:03:02 Europe/Berlin] Requested route key: GET /api/health
[07-May-2026 16:03:02 Europe/Berlin] Requested route key: GET /api/health
[07-May-2026 16:25:05 Europe/Berlin] Requested route key: POST /auth/register
[07-May-2026 16:25:05 Europe/Berlin] Requested route key: POST /auth/register
[07-May-2026 16:26:09 Europe/Berlin] Requested route key: GET /api/health
[07-May-2026 16:26:09 Europe/Berlin] Requested route key: GET /api/health
[07-May-2026 16:29:42 Europe/Berlin] Requested route key: GET /auth/register
[07-May-2026 16:29:42 Europe/Berlin] Requested route key: GET /auth/register
[07-May-2026 16:29:47 Europe/Berlin] Requested route key: GET /auth/register
[07-May-2026 16:29:47 Europe/Berlin] Requested route key: GET /auth/register
[07-May-2026 16:29:58 Europe/Berlin] Requested route key: POST /auth/register
[07-May-2026 16:29:58 Europe/Berlin] Requested route key: POST /auth/register
[07-May-2026 16:32:12 Europe/Berlin] Requested route key: POST /api/health
[07-May-2026 16:32:12 Europe/Berlin] Requested route key: POST /api/health
[07-May-2026 16:32:16 Europe/Berlin] Requested route key: GET /api/health
[07-May-2026 16:32:16 Europe/Berlin] Requested route key: GET /api/health
[07-May-2026 16:32:29 Europe/Berlin] Requested route key: GET /api/health
[07-May-2026 16:32:29 Europe/Berlin] Requested route key: GET /api/health
[07-May-2026 16:37:46 Europe/Berlin] Requested route key: POST /auth/kkasda
[07-May-2026 16:37:46 Europe/Berlin] Requested route key: POST /auth/kkasda
[07-May-2026 16:37:52 Europe/Berlin] Requested route key: POST /auth/register
[07-May-2026 16:37:52 Europe/Berlin] Requested route key: POST /auth/register
[07-May-2026 16:38:00 Europe/Berlin] Requested route key: POST /auth/register
[07-May-2026 16:38:00 Europe/Berlin] Requested route key: POST /auth/register
[07-May-2026 16:43:00 Europe/Berlin] Requested route key: POST /auth/register
[07-May-2026 16:43:00 Europe/Berlin] Requested route key: POST /auth/register
[07-May-2026 16:44:13 Europe/Berlin] Requested route key: POST /api/health
[07-May-2026 16:44:13 Europe/Berlin] Requested route key: POST /api/health
[07-May-2026 16:44:18 Europe/Berlin] Requested route key: GET /api/health
[07-May-2026 16:44:18 Europe/Berlin] Requested route key: GET /api/health
[07-May-2026 16:44:45 Europe/Berlin] Requested route key: POST /auth/register
[07-May-2026 16:44:45 Europe/Berlin] Requested route key: POST /auth/register
[07-May-2026 16:45:22 Europe/Berlin] Requested route key: POST /auth/register
[07-May-2026 16:45:22 Europe/Berlin] Requested route key: POST /auth/register
[07-May-2026 16:45:35 Europe/Berlin] Requested route key: POST /auth/register
[07-May-2026 16:45:35 Europe/Berlin] Requested route key: POST /auth/register
[07-May-2026 16:49:37 Europe/Berlin] Requested route key: POST /auth/register
[07-May-2026 16:49:42 Europe/Berlin] Requested route key: POST /auth/register
[07-May-2026 16:50:17 Europe/Berlin] Requested route key: POST /auth/register
[07-May-2026 16:50:23 Europe/Berlin] Requested route key: POST /auth/register
[07-May-2026 16:50:51 Europe/Berlin] Requested route key: POST /auth/register
[07-May-2026 16:50:56 Europe/Berlin] Requested route key: POST /auth/register
[07-May-2026 17:03:32 Europe/Berlin] Requested route key: POST /backend/public/auth/register
[07-May-2026 17:03:42 Europe/Berlin] Requested route key: POST /backend/public/auth/register
[07-May-2026 17:04:02 Europe/Berlin] Requested route key: POST /backend/public/auth/login
[07-May-2026 17:04:46 Europe/Berlin] Requested route key: POST /Market_Place_Web_Dev_Project/backend/public/auth/login
[07-May-2026 17:04:50 Europe/Berlin] Requested route key: POST /Market_Place_Web_Dev_Project/backend/public/auth/login
[07-May-2026 17:05:00 Europe/Berlin] Requested route key: POST /Market_Place_Web_Dev_Project/backend/public/auth/register
[07-May-2026 17:05:23 Europe/Berlin] Requested route key: POST /Market_Place_Web_Dev_Project/backend/public/auth/register
[07-May-2026 17:05:38 Europe/Berlin] Requested route key: POST /auth/register
[07-May-2026 17:05:41 Europe/Berlin] Requested route key: POST /Market_Place_Web_Dev_Project/backend/public/auth/register
[07-May-2026 17:05:55 Europe/Berlin] Requested route key: POST /Market_Place_Web_Dev_Project/backend/public/auth/register
[07-May-2026 17:08:39 Europe/Berlin] Requested route key: POST /auth/register
[07-May-2026 17:08:50 Europe/Berlin] Requested route key: POST /backend/public/auth/login
[07-May-2026 17:08:53 Europe/Berlin] Requested route key: POST /Market_Place_Web_Dev_Project/backend/public/auth/register
[07-May-2026 17:45:20 Europe/Berlin] Requested route key: POST /Market_Place_Web_Dev_Project/backend/public/auth/register
[07-May-2026 19:25:16 Europe/Berlin] Requested route key: GET /
[07-May-2026 19:25:28 Europe/Berlin] Requested route key: GET /api/health
[07-May-2026 19:25:37 Europe/Berlin] Requested route key: GET /auth/register
[07-May-2026 19:33:41 Europe/Berlin] Requested route key: POST /Market_Place_Web_Dev_Project/backend/public/auth/register
[07-May-2026 19:33:54 Europe/Berlin] Requested route key: POST /Market_Place_Web_Dev_Project/backend/public/auth/register
[07-May-2026 19:33:59 Europe/Berlin] Requested route key: POST /Market_Place_Web_Dev_Project/backend/public/auth/register
[07-May-2026 19:34:00 Europe/Berlin] Requested route key: POST /Market_Place_Web_Dev_Project/backend/public/auth/register
[07-May-2026 19:34:29 Europe/Berlin] Requested route key: POST /Market_Place_Web_Dev_Project/backend/public/auth/register
[07-May-2026 19:34:32 Europe/Berlin] Requested route key: POST /Market_Place_Web_Dev_Project/backend/public/auth/register
[07-May-2026 19:35:51 Europe/Berlin] Requested route key: POST /Market_Place_Web_Dev_Project/backend/public/auth/register
[07-May-2026 19:36:33 Europe/Berlin] Requested route key: POST /Market_Place_Web_Dev_Project/backend/public/auth/login
[07-May-2026 19:37:05 Europe/Berlin] Requested route key: POST /Market_Place_Web_Dev_Project/backend/public/auth/login
[07-May-2026 19:41:09 Europe/Berlin] Requested route key: POST /Market_Place_Web_Dev_Project/backend/public/auth/register
[07-May-2026 19:42:30 Europe/Berlin] Requested route key: POST /auth/register
[07-May-2026 19:43:02 Europe/Berlin] Requested route key: POST /auth/login
[07-May-2026 19:43:03 Europe/Berlin] Requested route key: GET /auth/me
[07-May-2026 19:43:16 Europe/Berlin] Requested route key: GET /auth/me
[07-May-2026 19:43:16 Europe/Berlin] Requested route key: GET /marketplace/requests
[07-May-2026 19:43:24 Europe/Berlin] Requested route key: POST /auth/login
[07-May-2026 19:43:25 Europe/Berlin] Requested route key: GET /auth/me
[07-May-2026 19:46:48 Europe/Berlin] Requested route key: GET /auth/me
[07-May-2026 19:46:48 Europe/Berlin] Requested route key: GET /marketplace/requests
[07-May-2026 19:47:21 Europe/Berlin] Requested route key: POST /auth/register
[07-May-2026 19:47:21 Europe/Berlin] Requested route key: POST /auth/login
[07-May-2026 19:47:21 Europe/Berlin] Requested route key: GET /auth/me
[07-May-2026 19:47:26 Europe/Berlin] Requested route key: GET /auth/me
[07-May-2026 19:47:26 Europe/Berlin] Requested route key: GET /marketplace/requests
[07-May-2026 19:47:31 Europe/Berlin] Requested route key: GET /auth/me
[07-May-2026 19:47:36 Europe/Berlin] Requested route key: GET /offers
[07-May-2026 19:47:37 Europe/Berlin] Requested route key: GET /auth/me
[07-May-2026 19:47:37 Europe/Berlin] Requested route key: GET /marketplace/requests
[07-May-2026 19:47:39 Europe/Berlin] Requested route key: GET /marketplace/requests
[07-May-2026 19:47:41 Europe/Berlin] Requested route key: GET /marketplace/requests
[07-May-2026 19:56:01 Europe/Berlin] Requested route key: GET /auth/me
[07-May-2026 19:56:01 Europe/Berlin] Requested route key: GET /marketplace/requests
[07-May-2026 20:33:24 Europe/Berlin] Requested route key: POST /auth/login
[12-May-2026 12:45:11 Europe/Berlin] [DB] Connection failed: SQLSTATE[HY000] [1045] Access denied for user 'admin'@'localhost' (using password: YES)
[12-May-2026 12:45:11 Europe/Berlin] [500] Database connection failed. Check configuration. in C:\xampp\htdocs\Market_Place_Web_Dev_Project\backend\app\repositories\DatabaseConnector.php:44
[12-May-2026 12:45:38 Europe/Berlin] [DB] Connection failed: SQLSTATE[HY000] [1045] Access denied for user 'market'@'localhost' (using password: YES)
[12-May-2026 12:45:38 Europe/Berlin] [500] Database connection failed. Check configuration. in C:\xampp\htdocs\Market_Place_Web_Dev_Project\backend\app\repositories\DatabaseConnector.php:44
